../Core/Src/main.c:101:5:__io_putchar	16	static
../Core/Src/main.c:108:6:HAL_UART_RxCpltCallback	16	static
../Core/Src/main.c:116:6:TIM6_Callback	8	static
../Core/Src/main.c:125:6:HAL_PWR_PVDCallback	8	static
../Core/Src/main.c:137:6:HAL_GPIO_EXTI_Callback	16	static,ignoring_inline_asm
../Core/Src/main.c:153:5:main	48	static
../Core/Src/main.c:281:6:SystemClock_Config	136	static
../Core/Src/main.c:327:6:GPIO_init	8	static
../Core/Src/main.c:345:6:MENU_USB	48	static
../Core/Src/main.c:496:10:ASCII_TO_uint8_t	32	static
../Core/Src/main.c:512:6:splitString	40	static
../Core/Src/main.c:526:6:TIM6_DAC_IRQHandler	8	static
../Core/Src/main.c:538:6:Error_Handler	8	static,ignoring_inline_asm
