../Core/Src/main.c:102:5:__io_putchar	16	static
../Core/Src/main.c:109:6:HAL_UART_RxCpltCallback	16	static
../Core/Src/main.c:117:6:TIM6_Callback	8	static
../Core/Src/main.c:126:6:HAL_PWR_PVDCallback	8	static
../Core/Src/main.c:138:6:HAL_GPIO_EXTI_Callback	16	static,ignoring_inline_asm
../Core/Src/main.c:154:5:main	48	static
../Core/Src/main.c:287:6:SystemClock_Config	136	static
../Core/Src/main.c:333:6:GPIO_LEDS	8	static
../Core/Src/main.c:344:6:PG_init	8	static
../Core/Src/main.c:350:6:MENU_USB	48	static
../Core/Src/main.c:501:10:ASCII_TO_uint8_t	32	static
../Core/Src/main.c:517:6:splitString	40	static
../Core/Src/main.c:530:6:TIM6_DAC_IRQHandler	8	static
../Core/Src/main.c:542:6:Error_Handler	8	static,ignoring_inline_asm
