../Core/Src/main.c:149:5:__io_putchar	16	static
../Core/Src/main.c:155:6:HAL_UART_RxCpltCallback	16	static
../Core/Src/main.c:163:6:TIM6_Callback	8	static
../Core/Src/main.c:172:6:HAL_PWR_PVDCallback	8	static
../Core/Src/main.c:186:6:HAL_GPIO_EXTI_Callback	16	static,ignoring_inline_asm
../Core/Src/main.c:206:5:main	8	static
../Core/Src/main.c:304:6:SystemClock_Config	136	static
../Core/Src/main.c:350:6:GPIO_LEDS	8	static
../Core/Src/main.c:359:6:PG_init	8	static
../Core/Src/main.c:371:6:MENU_USB	16	static
../Core/Src/main.c:391:6:display_menu	48	static
../Core/Src/main.c:516:10:ASCII_TO_uint8_t	32	static
../Core/Src/main.c:532:6:splitString	40	static
../Core/Src/main.c:546:6:generate_pulse	8	static
../Core/Src/main.c:556:6:read_data	8	static
../Core/Src/main.c:566:6:display_data	48	static
../Core/Src/main.c:582:6:TIM6_DAC_IRQHandler	8	static
../Core/Src/main.c:594:6:Error_Handler	8	static,ignoring_inline_asm
