../Core/Src/main.c:105:5:__io_putchar	16	static
../Core/Src/main.c:112:6:HAL_UART_RxCpltCallback	16	static
../Core/Src/main.c:120:6:TIM6_Callback	8	static
../Core/Src/main.c:129:6:HAL_PWR_PVDCallback	8	static
../Core/Src/main.c:140:6:HAL_GPIO_EXTI_Callback	16	static,ignoring_inline_asm
../Core/Src/main.c:157:5:main	48	static
../Core/Src/main.c:302:6:SystemClock_Config	136	static
../Core/Src/main.c:348:6:GPIO_LEDS	8	static
../Core/Src/main.c:362:6:PG_init	8	static
../Core/Src/main.c:374:6:MENU_USB	56	static
../Core/Src/main.c:537:10:ASCII_TO_uint8_t	32	static
../Core/Src/main.c:553:6:splitString	40	static
../Core/Src/main.c:567:6:TIM6_DAC_IRQHandler	8	static
../Core/Src/main.c:579:6:Error_Handler	8	static,ignoring_inline_asm
