../Core/Src/main.c:87:5:__io_putchar	16	static
../Core/Src/main.c:94:6:HAL_UART_RxCpltCallback	16	static
../Core/Src/main.c:103:6:HAL_PWR_PVDCallback	16	static
../Core/Src/main.c:120:5:main	8	static
../Core/Src/main.c:211:6:SystemClock_Config	136	static
../Core/Src/main.c:256:6:GPIO_LEDS	8	static
../Core/Src/main.c:266:6:PG_init	8	static
../Core/Src/main.c:272:6:MENU_USB	432	static
../Core/Src/main.c:433:10:ASCII_TO_uint8_t	32	static
../Core/Src/main.c:450:6:splitString	40	static
../Core/Src/main.c:475:6:HAL_TIM_PeriodElapsedCallback	16	static
../Core/Src/main.c:492:6:Error_Handler	8	static,ignoring_inline_asm
