../Core/Src/main.c:106:5:__io_putchar	1
../Core/Src/main.c:113:6:HAL_UART_RxCpltCallback	2
../Core/Src/main.c:121:6:TIM6_Callback	3
../Core/Src/main.c:130:6:HAL_PWR_PVDCallback	2
../Core/Src/main.c:142:6:HAL_GPIO_EXTI_Callback	2
../Core/Src/main.c:158:5:main	18
../Core/Src/main.c:291:6:SystemClock_Config	4
../Core/Src/main.c:337:6:GPIO_LEDS	1
../Core/Src/main.c:348:6:PG_init	1
../Core/Src/main.c:354:6:MENU_USB	35
../Core/Src/main.c:505:10:ASCII_TO_uint8_t	4
../Core/Src/main.c:521:6:splitString	3
../Core/Src/main.c:534:6:TIM6_DAC_IRQHandler	2
../Core/Src/main.c:546:6:Error_Handler	1
