../Core/Src/main.c:103:5:__io_putchar	1
../Core/Src/main.c:110:6:HAL_UART_RxCpltCallback	2
../Core/Src/main.c:118:6:HAL_PWR_PVDCallback	2
../Core/Src/main.c:126:6:TIM6_Callback	3
../Core/Src/main.c:140:5:main	17
../Core/Src/main.c:271:6:SystemClock_Config	4
../Core/Src/main.c:317:6:GPIO_LEDS	1
../Core/Src/main.c:326:6:PG_init	1
../Core/Src/main.c:332:6:MENU_USB	33
../Core/Src/main.c:472:10:ASCII_TO_uint8_t	4
../Core/Src/main.c:488:6:splitString	3
../Core/Src/main.c:501:6:TIM6_DAC_IRQHandler	2
../Core/Src/main.c:513:6:Error_Handler	1
