../Core/Src/main.c:106:5:__io_putchar	16	static
../Core/Src/main.c:113:6:HAL_UART_RxCpltCallback	16	static
../Core/Src/main.c:121:6:TIM6_Callback	8	static
../Core/Src/main.c:130:6:HAL_PWR_PVDCallback	8	static
../Core/Src/main.c:142:6:HAL_GPIO_EXTI_Callback	16	static,ignoring_inline_asm
../Core/Src/main.c:158:5:main	48	static
../Core/Src/main.c:291:6:SystemClock_Config	136	static
../Core/Src/main.c:337:6:GPIO_LEDS	8	static
../Core/Src/main.c:348:6:PG_init	8	static
../Core/Src/main.c:354:6:MENU_USB	48	static
../Core/Src/main.c:505:10:ASCII_TO_uint8_t	32	static
../Core/Src/main.c:521:6:splitString	40	static
../Core/Src/main.c:534:6:TIM6_DAC_IRQHandler	8	static
../Core/Src/main.c:546:6:Error_Handler	8	static,ignoring_inline_asm
