22:52:10 **** Incremental Build of configuration Debug for project adsa ****
make -j12 all 
arm-none-eabi-gcc "../Core/Src/main.c" -mcpu=cortex-m0plus -std=gnu11 -g3 -DDEBUG -DUSE_HAL_DRIVER -DSTM32L073xx -c -I../Core/Inc -I../Drivers/STM32L0xx_HAL_Driver/Inc -I../Drivers/STM32L0xx_HAL_Driver/Inc/Legacy -I../Drivers/CMSIS/Device/ST/STM32L0xx/Include -I../Drivers/CMSIS/Include -O0 -ffunction-sections -fdata-sections -Wall -fstack-usage -MMD -MP -MF"Core/Src/main.d" -MT"Core/Src/main.o" --specs=nano.specs -mfloat-abi=soft -mthumb -o "Core/Src/main.o"
../Core/Src/main.c: In function 'main':
../Core/Src/main.c:102:51: warning: implicit declaration of function 'strlen' [-Wimplicit-function-declaration]
  102 |     HAL_UART_Transmit(&huart4, (uint8_t*)message, strlen(message), HAL_MAX_DELAY);
      |                                                   ^~~~~~
../Core/Src/main.c:102:51: warning: incompatible implicit declaration of built-in function 'strlen'
../Core/Src/main.c:21:1: note: include '<string.h>' or provide a declaration of 'strlen'
   20 | #include "main.h"
  +++ |+#include <string.h>
   21 | 
arm-none-eabi-gcc -o "adsa.elf" @"objects.list"   -mcpu=cortex-m0plus -T"C:\Users\Dell\OneDrive\Pulpit\STAZ\adsa\STM32L073RZTX_FLASH.ld" --specs=nosys.specs -Wl,-Map="adsa.map" -Wl,--gc-sections -static --specs=nano.specs -mfloat-abi=soft -mthumb -Wl,--start-group -lc -lm -Wl,--end-group
Finished building target: adsa.elf
 
arm-none-eabi-size   adsa.elf 
arm-none-eabi-objdump -h -S  adsa.elf  > "adsa.list"
   text	   data	    bss	    dec	    hex	filename
  10576	     20	   1844	  12440	   3098	adsa.elf
Finished building: default.size.stdout
 
Finished building: adsa.list
 

22:52:10 Build Finished. 0 errors, 2 warnings. (took 629ms)

