18:28:01 **** Incremental Build of configuration Debug for project Impulsator ****
make -j12 all 
arm-none-eabi-gcc "../Core/Src/main.c" -mcpu=cortex-m0plus -std=gnu11 -g3 -DDEBUG -DUSE_HAL_DRIVER -DSTM32L073xx -c -I../Core/Inc -I../Drivers/STM32L0xx_HAL_Driver/Inc -I../Drivers/STM32L0xx_HAL_Driver/Inc/Legacy -I../Drivers/CMSIS/Device/ST/STM32L0xx/Include -I../Drivers/CMSIS/Include -O0 -ffunction-sections -fdata-sections -Wall -fstack-usage -fcyclomatic-complexity -MMD -MP -MF"Core/Src/main.d" -MT"Core/Src/main.o" --specs=nano.specs -mfloat-abi=soft -mthumb -o "Core/Src/main.o"
In file included from ../Core/Src/main.c:30:
../Core/Src/main.c: In function 'MENU_USB':
../Core/Src/main.c:363:94: warning: array subscript has type 'char' [-Wchar-subscripts]
  363 |                                                                         if(!isdigit(tokens[i][j])){
      |                                                                                     ~~~~~~~~~^~~
../Core/Src/main.c:396:94: warning: array subscript has type 'char' [-Wchar-subscripts]
  396 |                                                                         if(!isdigit(tokens[i][j])){
      |                                                                                     ~~~~~~~~~^~~
arm-none-eabi-gcc -o "Impulsator.elf" @"objects.list"   -mcpu=cortex-m0plus -T"C:\Users\Dell\OneDrive\Pulpit\STAZ\Impulsator\STM32L073RZTX_FLASH.ld" --specs=nosys.specs -Wl,-Map="Impulsator.map" -Wl,--gc-sections -static --specs=nano.specs -mfloat-abi=soft -mthumb -Wl,--start-group -lc -lm -Wl,--end-group
Finished building target: Impulsator.elf
 
arm-none-eabi-size   Impulsator.elf 
arm-none-eabi-objdump -h -S  Impulsator.elf  > "Impulsator.list"
   text	   data	    bss	    dec	    hex	filename
  29044	    408	   2232	  31684	   7bc4	Impulsator.elf
Finished building: default.size.stdout
 
Finished building: Impulsator.list
 

18:28:02 Build Finished. 0 errors, 2 warnings. (took 929ms)

