17:34:59 **** Build of configuration Debug for project Impulsator_2.0 ****
make -j12 all 
arm-none-eabi-gcc -o "Impulsator_2.0.elf" @"objects.list"   -mcpu=cortex-m0plus -T"C:\Users\Dell\OneDrive\Pulpit\STAZ\Impulsator_2.0\STM32L073RZTX_FLASH.ld" --specs=nosys.specs -Wl,-Map="Impulsator_2.0.map" -Wl,--gc-sections -static --specs=nano.specs -mfloat-abi=soft -mthumb -Wl,--start-group -lc -lm -Wl,--end-group
Finished building target: Impulsator_2.0.elf
 
arm-none-eabi-size   Impulsator_2.0.elf 
arm-none-eabi-objdump -h -S  Impulsator_2.0.elf  > "Impulsator_2.0.list"
   text	   data	    bss	    dec	    hex	filename
  29392	    532	   2276	  32200	   7dc8	Impulsator_2.0.elf
Finished building: default.size.stdout
 
Finished building: Impulsator_2.0.list
 

17:35:00 Build Finished. 0 errors, 0 warnings. (took 1s.438ms)

