05:58:11 **** Incremental Build of configuration Debug for project STAZ ****
make -j12 all 
arm-none-eabi-gcc "../Core/Src/main.c" -mcpu=cortex-m0plus -std=gnu11 -g3 -DDEBUG -DUSE_HAL_DRIVER -DSTM32L073xx -c -I../Core/Inc -I../Drivers/STM32L0xx_HAL_Driver/Inc -I../Drivers/STM32L0xx_HAL_Driver/Inc/Legacy -I../Drivers/CMSIS/Device/ST/STM32L0xx/Include -I../Drivers/CMSIS/Include -O0 -ffunction-sections -fdata-sections -Wall -fstack-usage -fcyclomatic-complexity -MMD -MP -MF"Core/Src/main.d" -MT"Core/Src/main.o" --specs=nano.specs -mfloat-abi=soft -mthumb -o "Core/Src/main.o"
In file included from ../Core/Src/main.c:29:
../Core/Src/main.c: In function 'MENU_USB':
../Core/Src/main.c:291:94: warning: array subscript has type 'char' [-Wchar-subscripts]
  291 |                                                                         if(!isdigit(tokens[i][j])){
      |                                                                                     ~~~~~~~~~^~~
../Core/Src/main.c:325:94: warning: array subscript has type 'char' [-Wchar-subscripts]
  325 |                                                                         if(!isdigit(tokens[i][j])){
      |                                                                                     ~~~~~~~~~^~~
arm-none-eabi-gcc -o "STAZ.elf" @"objects.list"   -mcpu=cortex-m0plus -T"C:\Users\Dell\OneDrive\Pulpit\STAZ\STAZ\STM32L073RZTX_FLASH.ld" --specs=nosys.specs -Wl,-Map="STAZ.map" -Wl,--gc-sections -static --specs=nano.specs -mfloat-abi=soft -mthumb -Wl,--start-group -lc -lm -Wl,--end-group
Finished building target: STAZ.elf
 
arm-none-eabi-size   STAZ.elf 
arm-none-eabi-objdump -h -S  STAZ.elf  > "STAZ.list"
   text	   data	    bss	    dec	    hex	filename
  29604	    128	   2280	  32012	   7d0c	STAZ.elf
Finished building: default.size.stdout
 
Finished building: STAZ.list
 

05:58:12 Build Finished. 0 errors, 2 warnings. (took 859ms)

