22:17:27 **** Incremental Build of configuration Debug for project usart ****
make -j12 all 
arm-none-eabi-gcc "../Core/Src/uart4.c" -mcpu=cortex-m0plus -std=gnu11 -g3 -DDEBUG -DUSE_HAL_DRIVER -DSTM32L073xx -c -I../Core/Inc -I../Drivers/STM32L0xx_HAL_Driver/Inc -I../Drivers/STM32L0xx_HAL_Driver/Inc/Legacy -I../Drivers/CMSIS/Device/ST/STM32L0xx/Include -I../Drivers/CMSIS/Include -O0 -ffunction-sections -fdata-sections -Wall -fstack-usage -fcyclomatic-complexity -MMD -MP -MF"Core/Src/uart4.d" -MT"Core/Src/uart4.o" --specs=nano.specs -mfloat-abi=soft -mthumb -o "Core/Src/uart4.o"
arm-none-eabi-gcc -o "usart.elf" @"objects.list"   -mcpu=cortex-m0plus -T"C:\Users\Dell\OneDrive\Pulpit\STAZ\usart\STM32L073RZTX_FLASH.ld" --specs=nosys.specs -Wl,-Map="usart.map" -Wl,--gc-sections -static --specs=nano.specs -mfloat-abi=soft -mthumb -Wl,--start-group -lc -lm -Wl,--end-group
Finished building target: usart.elf
 
arm-none-eabi-size   usart.elf 
arm-none-eabi-objdump -h -S  usart.elf  > "usart.list"
   text	   data	    bss	    dec	    hex	filename
  14244	     20	   1572	  15836	   3ddc	usart.elf
Finished building: default.size.stdout
 
Finished building: usart.list
 

22:17:28 Build Finished. 0 errors, 0 warnings. (took 663ms)

